src/components/ui/ConfirmDialog.tsx(20,43): error TS2322: Type '{ children: Element; isOpen: boolean; onClose: () => void; size: string; }' is not assignable to type 'IntrinsicAttributes & ModalProps'.
  Property 'size' does not exist on type 'IntrinsicAttributes & ModalProps'.
